status: success
error_code: 0
stack: []
memory: '0000000000000000000000000000000000000000000000000000000000000000FF00000000000000000000000000000000000000000000000000000000000000'
storage: {}
transient_storage: {}
return: ''
events: []
