status: success
error_code: 0
stack: []
memory: 0000000000000000000000000000000000000000000000000000000000000003
storage: {}
transient_storage: {}
return: 0000000000000000000000000000000000000000000000000000000000000003
events: []
